2026-05-19 11:54:45 - __main__ - INFO - Starting packet capture on interface 'any'
2026-05-19 11:54:45 - __main__ - INFO - BPF filter: tcp port 5050
2026-05-19 11:54:49 - app.model_prediction - INFO - Model loaded successfully: /app/models/random_forest_min-max_scaling_model.pkl
2026-05-19 11:54:49 - app.model_prediction - INFO - Scaler loaded successfully: /app/models/random_forest_min-max_scaling_scaler.pkl
2026-05-19 11:54:49 - __main__ - INFO - Detection system initialized successfully
2026-05-19 11:54:50 - __main__ - INFO - Capture started. Waiting for packets...
2026-05-19 11:54:50 - __main__ - INFO - Press Ctrl+C to stop
2026-05-19 11:55:27 - detection.prediction - INFO - ✓ Normal traffic (Confidence: 82.45%, Threshold: 65.00%)
2026-05-19 11:55:27 - app.logging_monitor - INFO - Redis bridge connected: redis:6379
2026-05-19 11:55:28 - detection.prediction - INFO - ✓ Normal traffic (Confidence: 81.93%, Threshold: 65.00%)
2026-05-19 11:55:30 - detection.prediction - INFO - ✓ Normal traffic (Confidence: 81.50%, Threshold: 65.00%)
2026-05-19 11:55:31 - detection.prediction - INFO - ✓ Normal traffic (Confidence: 83.70%, Threshold: 65.00%)
2026-05-19 11:55:31 - detection.prediction - INFO - ✓ Normal traffic (Confidence: 85.64%, Threshold: 65.00%)
2026-05-19 11:55:32 - detection.prediction - INFO - ✓ Normal traffic (Confidence: 80.96%, Threshold: 65.00%)
2026-05-19 11:55:32 - detection.prediction - INFO - ✓ Normal traffic (Confidence: 82.14%, Threshold: 65.00%)
2026-05-19 11:55:33 - detection.prediction - INFO - ✓ Normal traffic (Confidence: 74.04%, Threshold: 65.00%)
2026-05-19 11:55:33 - detection.prediction - INFO - ✓ Normal traffic (Confidence: 72.98%, Threshold: 65.00%)
2026-05-19 11:55:34 - detection.prediction - INFO - ✓ Normal traffic (Confidence: 71.42%, Threshold: 65.00%)
2026-05-19 11:55:34 - detection.prediction - WARNING - ⚠️  DDoS ATTACK DETECTED! (Confidence: 74.18%, Threshold: 65.00%)
2026-05-19 11:55:34 - detection.prediction - WARNING - ⚠️  DDoS ATTACK DETECTED! (Confidence: 77.35%, Threshold: 65.00%)
2026-05-19 11:55:35 - detection.prediction - WARNING - ⚠️  DDoS ATTACK DETECTED! (Confidence: 79.47%, Threshold: 65.00%)
2026-05-19 11:55:35 - detection.prediction - WARNING - ⚠️  DDoS ATTACK DETECTED! (Confidence: 79.14%, Threshold: 65.00%)
2026-05-19 11:55:35 - detection.prediction - WARNING - ⚠️  DDoS ATTACK DETECTED! (Confidence: 80.43%, Threshold: 65.00%)
2026-05-19 11:55:36 - detection.prediction - WARNING - ⚠️  DDoS ATTACK DETECTED! (Confidence: 81.51%, Threshold: 65.00%)
2026-05-19 11:55:36 - detection.prediction - WARNING - ⚠️  DDoS ATTACK DETECTED! (Confidence: 79.92%, Threshold: 65.00%)
2026-05-19 11:55:36 - detection.prediction - WARNING - ⚠️  DDoS ATTACK DETECTED! (Confidence: 81.97%, Threshold: 65.00%)
2026-05-19 11:55:36 - detection.prediction - WARNING - ⚠️  DDoS ATTACK DETECTED! (Confidence: 81.32%, Threshold: 65.00%)
2026-05-19 11:55:36 - detection.prediction - WARNING - ⚠️  DDoS ATTACK DETECTED! (Confidence: 81.14%, Threshold: 65.00%)
2026-05-19 11:55:38 - detection.prediction - WARNING - ⚠️  DDoS ATTACK DETECTED! (Confidence: 74.75%, Threshold: 65.00%)
2026-05-19 11:55:38 - detection.prediction - WARNING - ⚠️  DDoS ATTACK DETECTED! (Confidence: 74.94%, Threshold: 65.00%)
2026-05-19 11:55:38 - detection.prediction - WARNING - ⚠️  DDoS ATTACK DETECTED! (Confidence: 77.34%, Threshold: 65.00%)
2026-05-19 11:55:39 - detection.prediction - WARNING - ⚠️  DDoS ATTACK DETECTED! (Confidence: 82.65%, Threshold: 65.00%)
2026-05-19 11:55:41 - detection.prediction - WARNING - ⚠️  DDoS ATTACK DETECTED! (Confidence: 76.50%, Threshold: 65.00%)
2026-05-19 11:55:41 - detection.prediction - WARNING - ⚠️  DDoS ATTACK DETECTED! (Confidence: 75.94%, Threshold: 65.00%)
2026-05-19 11:55:42 - detection.prediction - WARNING - ⚠️  DDoS ATTACK DETECTED! (Confidence: 72.19%, Threshold: 65.00%)
2026-05-19 11:55:42 - detection.prediction - WARNING - ⚠️  DDoS ATTACK DETECTED! (Confidence: 71.79%, Threshold: 65.00%)
2026-05-19 11:55:42 - detection.prediction - WARNING - ⚠️  DDoS ATTACK DETECTED! (Confidence: 73.39%, Threshold: 65.00%)
2026-05-19 11:55:42 - detection.prediction - WARNING - ⚠️  DDoS ATTACK DETECTED! (Confidence: 72.24%, Threshold: 65.00%)
2026-05-19 11:55:43 - detection.prediction - WARNING - ⚠️  DDoS ATTACK DETECTED! (Confidence: 76.45%, Threshold: 65.00%)
2026-05-19 11:55:43 - detection.prediction - WARNING - ⚠️  DDoS ATTACK DETECTED! (Confidence: 77.31%, Threshold: 65.00%)
2026-05-19 11:55:43 - detection.prediction - WARNING - ⚠️  DDoS ATTACK DETECTED! (Confidence: 77.94%, Threshold: 65.00%)
2026-05-19 11:55:43 - detection.prediction - WARNING - ⚠️  DDoS ATTACK DETECTED! (Confidence: 78.33%, Threshold: 65.00%)
2026-05-19 11:55:43 - detection.prediction - WARNING - ⚠️  DDoS ATTACK DETECTED! (Confidence: 79.62%, Threshold: 65.00%)
2026-05-19 11:55:43 - detection.prediction - WARNING - ⚠️  DDoS ATTACK DETECTED! (Confidence: 77.11%, Threshold: 65.00%)
2026-05-19 11:55:43 - detection.prediction - WARNING - ⚠️  DDoS ATTACK DETECTED! (Confidence: 78.59%, Threshold: 65.00%)
2026-05-19 11:55:43 - detection.prediction - WARNING - ⚠️  DDoS ATTACK DETECTED! (Confidence: 81.04%, Threshold: 65.00%)
2026-05-19 11:55:44 - detection.prediction - WARNING - ⚠️  DDoS ATTACK DETECTED! (Confidence: 81.61%, Threshold: 65.00%)
2026-05-19 11:55:44 - detection.prediction - WARNING - ⚠️  DDoS ATTACK DETECTED! (Confidence: 83.75%, Threshold: 65.00%)
2026-05-19 11:55:44 - detection.prediction - WARNING - ⚠️  DDoS ATTACK DETECTED! (Confidence: 82.08%, Threshold: 65.00%)
2026-05-19 11:55:44 - detection.prediction - WARNING - ⚠️  DDoS ATTACK DETECTED! (Confidence: 83.24%, Threshold: 65.00%)
2026-05-19 11:55:44 - detection.prediction - WARNING - ⚠️  DDoS ATTACK DETECTED! (Confidence: 81.15%, Threshold: 65.00%)
2026-05-19 11:55:44 - detection.prediction - WARNING - ⚠️  DDoS ATTACK DETECTED! (Confidence: 82.55%, Threshold: 65.00%)
2026-05-19 11:55:45 - detection.prediction - WARNING - ⚠️  DDoS ATTACK DETECTED! (Confidence: 81.00%, Threshold: 65.00%)
2026-05-19 11:55:45 - detection.prediction - WARNING - ⚠️  DDoS ATTACK DETECTED! (Confidence: 82.84%, Threshold: 65.00%)
2026-05-19 11:55:45 - detection.prediction - WARNING - ⚠️  DDoS ATTACK DETECTED! (Confidence: 80.42%, Threshold: 65.00%)
2026-05-19 11:55:45 - detection.prediction - WARNING - ⚠️  DDoS ATTACK DETECTED! (Confidence: 76.18%, Threshold: 65.00%)
2026-05-19 11:55:45 - detection.prediction - WARNING - ⚠️  DDoS ATTACK DETECTED! (Confidence: 80.26%, Threshold: 65.00%)
2026-05-19 11:55:46 - detection.prediction - WARNING - ⚠️  DDoS ATTACK DETECTED! (Confidence: 78.06%, Threshold: 65.00%)
2026-05-19 11:55:46 - detection.prediction - WARNING - ⚠️  DDoS ATTACK DETECTED! (Confidence: 77.79%, Threshold: 65.00%)
2026-05-19 11:55:46 - detection.prediction - WARNING - ⚠️  DDoS ATTACK DETECTED! (Confidence: 78.38%, Threshold: 65.00%)
2026-05-19 11:55:46 - detection.prediction - WARNING - ⚠️  DDoS ATTACK DETECTED! (Confidence: 77.31%, Threshold: 65.00%)
2026-05-19 11:55:46 - detection.prediction - WARNING - ⚠️  DDoS ATTACK DETECTED! (Confidence: 77.50%, Threshold: 65.00%)
2026-05-19 11:55:47 - detection.prediction - WARNING - ⚠️  DDoS ATTACK DETECTED! (Confidence: 78.24%, Threshold: 65.00%)
2026-05-19 11:55:47 - detection.prediction - WARNING - ⚠️  DDoS ATTACK DETECTED! (Confidence: 79.27%, Threshold: 65.00%)
2026-05-19 11:55:48 - detection.prediction - WARNING - ⚠️  DDoS ATTACK DETECTED! (Confidence: 84.73%, Threshold: 65.00%)
2026-05-19 11:55:48 - detection.prediction - WARNING - ⚠️  DDoS ATTACK DETECTED! (Confidence: 85.81%, Threshold: 65.00%)
2026-05-19 11:55:53 - detection.prediction - WARNING - ⚠️  DDoS ATTACK DETECTED! (Confidence: 79.75%, Threshold: 65.00%)
2026-05-19 11:55:53 - detection.prediction - WARNING - ⚠️  DDoS ATTACK DETECTED! (Confidence: 81.98%, Threshold: 65.00%)
2026-05-19 11:55:55 - detection.prediction - WARNING - ⚠️  DDoS ATTACK DETECTED! (Confidence: 79.85%, Threshold: 65.00%)
2026-05-19 11:55:55 - detection.prediction - WARNING - ⚠️  DDoS ATTACK DETECTED! (Confidence: 78.62%, Threshold: 65.00%)
2026-05-19 11:55:57 - detection.prediction - WARNING - ⚠️  DDoS ATTACK DETECTED! (Confidence: 83.55%, Threshold: 65.00%)
2026-05-19 11:55:57 - detection.prediction - WARNING - ⚠️  DDoS ATTACK DETECTED! (Confidence: 79.75%, Threshold: 65.00%)
2026-05-19 11:55:57 - detection.prediction - WARNING - ⚠️  DDoS ATTACK DETECTED! (Confidence: 79.90%, Threshold: 65.00%)
2026-05-19 11:55:57 - detection.prediction - WARNING - ⚠️  DDoS ATTACK DETECTED! (Confidence: 80.55%, Threshold: 65.00%)
2026-05-19 11:55:57 - detection.prediction - WARNING - ⚠️  DDoS ATTACK DETECTED! (Confidence: 80.65%, Threshold: 65.00%)
2026-05-19 11:55:57 - detection.prediction - WARNING - ⚠️  DDoS ATTACK DETECTED! (Confidence: 75.62%, Threshold: 65.00%)
2026-05-19 11:55:58 - detection.prediction - WARNING - ⚠️  DDoS ATTACK DETECTED! (Confidence: 76.97%, Threshold: 65.00%)
2026-05-19 11:55:58 - detection.prediction - WARNING - ⚠️  DDoS ATTACK DETECTED! (Confidence: 75.02%, Threshold: 65.00%)
2026-05-19 11:55:58 - detection.prediction - WARNING - ⚠️  DDoS ATTACK DETECTED! (Confidence: 76.01%, Threshold: 65.00%)
2026-05-19 11:55:58 - detection.prediction - WARNING - ⚠️  DDoS ATTACK DETECTED! (Confidence: 73.26%, Threshold: 65.00%)
2026-05-19 11:55:58 - detection.prediction - WARNING - ⚠️  DDoS ATTACK DETECTED! (Confidence: 76.29%, Threshold: 65.00%)
2026-05-19 11:55:58 - detection.prediction - WARNING - ⚠️  DDoS ATTACK DETECTED! (Confidence: 72.44%, Threshold: 65.00%)
2026-05-19 11:55:58 - detection.prediction - WARNING - ⚠️  DDoS ATTACK DETECTED! (Confidence: 73.59%, Threshold: 65.00%)
2026-05-19 11:55:58 - detection.prediction - WARNING - ⚠️  DDoS ATTACK DETECTED! (Confidence: 73.33%, Threshold: 65.00%)
2026-05-19 11:55:59 - detection.prediction - WARNING - ⚠️  DDoS ATTACK DETECTED! (Confidence: 71.96%, Threshold: 65.00%)
2026-05-19 11:56:01 - detection.prediction - WARNING - ⚠️  DDoS ATTACK DETECTED! (Confidence: 82.79%, Threshold: 65.00%)
2026-05-19 11:56:02 - detection.prediction - WARNING - ⚠️  DDoS ATTACK DETECTED! (Confidence: 79.99%, Threshold: 65.00%)
2026-05-19 11:56:02 - detection.prediction - WARNING - ⚠️  DDoS ATTACK DETECTED! (Confidence: 78.90%, Threshold: 65.00%)
2026-05-19 11:56:02 - detection.prediction - WARNING - ⚠️  DDoS ATTACK DETECTED! (Confidence: 77.99%, Threshold: 65.00%)
2026-05-19 11:56:03 - detection.prediction - WARNING - ⚠️  DDoS ATTACK DETECTED! (Confidence: 74.87%, Threshold: 65.00%)
2026-05-19 11:56:03 - detection.prediction - WARNING - ⚠️  DDoS ATTACK DETECTED! (Confidence: 77.97%, Threshold: 65.00%)
2026-05-19 11:56:05 - detection.prediction - WARNING - ⚠️  DDoS ATTACK DETECTED! (Confidence: 80.59%, Threshold: 65.00%)
2026-05-19 11:56:06 - detection.prediction - WARNING - ⚠️  DDoS ATTACK DETECTED! (Confidence: 81.16%, Threshold: 65.00%)
2026-05-19 11:56:06 - detection.prediction - WARNING - ⚠️  DDoS ATTACK DETECTED! (Confidence: 79.73%, Threshold: 65.00%)
2026-05-19 11:56:07 - detection.prediction - WARNING - ⚠️  DDoS ATTACK DETECTED! (Confidence: 72.92%, Threshold: 65.00%)
2026-05-19 11:56:08 - detection.prediction - WARNING - ⚠️  DDoS ATTACK DETECTED! (Confidence: 76.21%, Threshold: 65.00%)
2026-05-19 11:56:08 - detection.prediction - WARNING - ⚠️  DDoS ATTACK DETECTED! (Confidence: 76.75%, Threshold: 65.00%)
2026-05-19 11:56:08 - detection.prediction - WARNING - ⚠️  DDoS ATTACK DETECTED! (Confidence: 84.05%, Threshold: 65.00%)
2026-05-19 11:56:09 - detection.prediction - WARNING - ⚠️  DDoS ATTACK DETECTED! (Confidence: 82.71%, Threshold: 65.00%)
2026-05-19 11:56:09 - detection.prediction - WARNING - ⚠️  DDoS ATTACK DETECTED! (Confidence: 82.95%, Threshold: 65.00%)
2026-05-19 11:56:09 - detection.prediction - WARNING - ⚠️  DDoS ATTACK DETECTED! (Confidence: 84.54%, Threshold: 65.00%)
2026-05-19 11:56:10 - detection.prediction - WARNING - ⚠️  DDoS ATTACK DETECTED! (Confidence: 84.97%, Threshold: 65.00%)
2026-05-19 11:56:10 - detection.prediction - WARNING - ⚠️  DDoS ATTACK DETECTED! (Confidence: 85.37%, Threshold: 65.00%)
2026-05-19 11:56:10 - detection.prediction - WARNING - ⚠️  DDoS ATTACK DETECTED! (Confidence: 81.82%, Threshold: 65.00%)
2026-05-19 11:56:10 - detection.prediction - WARNING - ⚠️  DDoS ATTACK DETECTED! (Confidence: 78.85%, Threshold: 65.00%)
2026-05-19 11:56:11 - detection.prediction - WARNING - ⚠️  DDoS ATTACK DETECTED! (Confidence: 79.78%, Threshold: 65.00%)
2026-05-19 11:56:11 - detection.prediction - WARNING - ⚠️  DDoS ATTACK DETECTED! (Confidence: 77.07%, Threshold: 65.00%)
2026-05-19 11:56:11 - detection.prediction - WARNING - ⚠️  DDoS ATTACK DETECTED! (Confidence: 75.37%, Threshold: 65.00%)
2026-05-19 11:56:11 - detection.prediction - WARNING - ⚠️  DDoS ATTACK DETECTED! (Confidence: 78.09%, Threshold: 65.00%)
2026-05-19 11:56:11 - detection.prediction - WARNING - ⚠️  DDoS ATTACK DETECTED! (Confidence: 74.93%, Threshold: 65.00%)
2026-05-19 11:56:12 - detection.prediction - WARNING - ⚠️  DDoS ATTACK DETECTED! (Confidence: 78.51%, Threshold: 65.00%)
2026-05-19 11:56:12 - detection.prediction - WARNING - ⚠️  DDoS ATTACK DETECTED! (Confidence: 80.47%, Threshold: 65.00%)
2026-05-19 11:56:12 - detection.prediction - WARNING - ⚠️  DDoS ATTACK DETECTED! (Confidence: 80.66%, Threshold: 65.00%)
2026-05-19 11:56:13 - detection.prediction - WARNING - ⚠️  DDoS ATTACK DETECTED! (Confidence: 82.36%, Threshold: 65.00%)
2026-05-19 11:56:14 - detection.prediction - WARNING - ⚠️  DDoS ATTACK DETECTED! (Confidence: 81.14%, Threshold: 65.00%)
2026-05-19 11:56:15 - detection.prediction - WARNING - ⚠️  DDoS ATTACK DETECTED! (Confidence: 74.55%, Threshold: 65.00%)
2026-05-19 11:56:16 - detection.prediction - WARNING - ⚠️  DDoS ATTACK DETECTED! (Confidence: 76.23%, Threshold: 65.00%)
2026-05-19 11:56:16 - detection.prediction - WARNING - ⚠️  DDoS ATTACK DETECTED! (Confidence: 77.97%, Threshold: 65.00%)
2026-05-19 11:56:16 - detection.prediction - WARNING - ⚠️  DDoS ATTACK DETECTED! (Confidence: 79.19%, Threshold: 65.00%)
2026-05-19 11:56:16 - detection.prediction - WARNING - ⚠️  DDoS ATTACK DETECTED! (Confidence: 80.53%, Threshold: 65.00%)
2026-05-19 11:56:16 - detection.prediction - WARNING - ⚠️  DDoS ATTACK DETECTED! (Confidence: 78.94%, Threshold: 65.00%)
2026-05-19 11:56:17 - detection.prediction - WARNING - ⚠️  DDoS ATTACK DETECTED! (Confidence: 80.96%, Threshold: 65.00%)
2026-05-19 11:56:17 - detection.prediction - WARNING - ⚠️  DDoS ATTACK DETECTED! (Confidence: 82.60%, Threshold: 65.00%)
2026-05-19 11:56:17 - detection.prediction - WARNING - ⚠️  DDoS ATTACK DETECTED! (Confidence: 83.45%, Threshold: 65.00%)
2026-05-19 11:56:17 - detection.prediction - WARNING - ⚠️  DDoS ATTACK DETECTED! (Confidence: 86.43%, Threshold: 65.00%)
2026-05-19 11:56:17 - detection.prediction - WARNING - ⚠️  DDoS ATTACK DETECTED! (Confidence: 82.46%, Threshold: 65.00%)
2026-05-19 11:56:18 - detection.prediction - WARNING - ⚠️  DDoS ATTACK DETECTED! (Confidence: 86.02%, Threshold: 65.00%)
2026-05-19 11:56:18 - detection.prediction - WARNING - ⚠️  DDoS ATTACK DETECTED! (Confidence: 85.33%, Threshold: 65.00%)
2026-05-19 11:56:18 - detection.prediction - WARNING - ⚠️  DDoS ATTACK DETECTED! (Confidence: 83.85%, Threshold: 65.00%)
2026-05-19 11:56:18 - detection.prediction - WARNING - ⚠️  DDoS ATTACK DETECTED! (Confidence: 81.18%, Threshold: 65.00%)
2026-05-19 11:56:18 - detection.prediction - WARNING - ⚠️  DDoS ATTACK DETECTED! (Confidence: 83.79%, Threshold: 65.00%)
2026-05-19 11:56:19 - detection.prediction - WARNING - ⚠️  DDoS ATTACK DETECTED! (Confidence: 78.97%, Threshold: 65.00%)
2026-05-19 11:56:19 - detection.prediction - WARNING - ⚠️  DDoS ATTACK DETECTED! (Confidence: 80.37%, Threshold: 65.00%)
2026-05-19 11:56:20 - detection.prediction - WARNING - ⚠️  DDoS ATTACK DETECTED! (Confidence: 76.39%, Threshold: 65.00%)
2026-05-19 11:56:20 - detection.prediction - WARNING - ⚠️  DDoS ATTACK DETECTED! (Confidence: 76.41%, Threshold: 65.00%)
2026-05-19 11:56:20 - detection.prediction - WARNING - ⚠️  DDoS ATTACK DETECTED! (Confidence: 76.16%, Threshold: 65.00%)
2026-05-19 11:56:20 - detection.prediction - WARNING - ⚠️  DDoS ATTACK DETECTED! (Confidence: 75.97%, Threshold: 65.00%)
2026-05-19 11:56:21 - detection.prediction - WARNING - ⚠️  DDoS ATTACK DETECTED! (Confidence: 76.90%, Threshold: 65.00%)
2026-05-19 11:56:21 - detection.prediction - WARNING - ⚠️  DDoS ATTACK DETECTED! (Confidence: 77.47%, Threshold: 65.00%)
2026-05-19 11:56:22 - detection.prediction - WARNING - ⚠️  DDoS ATTACK DETECTED! (Confidence: 80.81%, Threshold: 65.00%)
2026-05-19 11:56:22 - detection.prediction - WARNING - ⚠️  DDoS ATTACK DETECTED! (Confidence: 77.87%, Threshold: 65.00%)
2026-05-19 11:56:22 - detection.prediction - WARNING - ⚠️  DDoS ATTACK DETECTED! (Confidence: 78.45%, Threshold: 65.00%)
2026-05-19 11:56:22 - detection.prediction - WARNING - ⚠️  DDoS ATTACK DETECTED! (Confidence: 76.61%, Threshold: 65.00%)
2026-05-19 11:56:24 - detection.prediction - WARNING - ⚠️  DDoS ATTACK DETECTED! (Confidence: 79.89%, Threshold: 65.00%)
2026-05-19 11:56:25 - detection.prediction - WARNING - ⚠️  DDoS ATTACK DETECTED! (Confidence: 80.43%, Threshold: 65.00%)
2026-05-19 11:56:26 - detection.prediction - WARNING - ⚠️  DDoS ATTACK DETECTED! (Confidence: 83.63%, Threshold: 65.00%)
2026-05-19 11:56:26 - detection.prediction - WARNING - ⚠️  DDoS ATTACK DETECTED! (Confidence: 82.57%, Threshold: 65.00%)
2026-05-19 11:56:26 - detection.prediction - WARNING - ⚠️  DDoS ATTACK DETECTED! (Confidence: 85.22%, Threshold: 65.00%)
2026-05-19 11:56:27 - detection.prediction - WARNING - ⚠️  DDoS ATTACK DETECTED! (Confidence: 80.10%, Threshold: 65.00%)
2026-05-19 11:56:27 - detection.prediction - WARNING - ⚠️  DDoS ATTACK DETECTED! (Confidence: 78.95%, Threshold: 65.00%)
2026-05-19 11:56:28 - detection.prediction - WARNING - ⚠️  DDoS ATTACK DETECTED! (Confidence: 76.58%, Threshold: 65.00%)
2026-05-19 11:56:28 - detection.prediction - WARNING - ⚠️  DDoS ATTACK DETECTED! (Confidence: 76.05%, Threshold: 65.00%)
2026-05-19 11:56:29 - detection.prediction - WARNING - ⚠️  DDoS ATTACK DETECTED! (Confidence: 77.57%, Threshold: 65.00%)
2026-05-19 11:56:29 - detection.prediction - WARNING - ⚠️  DDoS ATTACK DETECTED! (Confidence: 76.36%, Threshold: 65.00%)
2026-05-19 11:56:29 - detection.prediction - WARNING - ⚠️  DDoS ATTACK DETECTED! (Confidence: 74.95%, Threshold: 65.00%)
2026-05-19 11:56:30 - detection.prediction - WARNING - ⚠️  DDoS ATTACK DETECTED! (Confidence: 82.79%, Threshold: 65.00%)
2026-05-19 11:56:30 - detection.prediction - WARNING - ⚠️  DDoS ATTACK DETECTED! (Confidence: 80.19%, Threshold: 65.00%)
2026-05-19 11:56:30 - detection.prediction - WARNING - ⚠️  DDoS ATTACK DETECTED! (Confidence: 82.48%, Threshold: 65.00%)
2026-05-19 11:56:30 - detection.prediction - WARNING - ⚠️  DDoS ATTACK DETECTED! (Confidence: 80.18%, Threshold: 65.00%)
2026-05-19 11:56:30 - detection.prediction - WARNING - ⚠️  DDoS ATTACK DETECTED! (Confidence: 81.72%, Threshold: 65.00%)
2026-05-19 11:56:31 - detection.prediction - WARNING - ⚠️  DDoS ATTACK DETECTED! (Confidence: 78.92%, Threshold: 65.00%)
2026-05-19 11:56:32 - detection.prediction - WARNING - ⚠️  DDoS ATTACK DETECTED! (Confidence: 76.49%, Threshold: 65.00%)
2026-05-19 11:56:33 - detection.prediction - WARNING - ⚠️  DDoS ATTACK DETECTED! (Confidence: 81.68%, Threshold: 65.00%)
2026-05-19 11:56:33 - detection.prediction - WARNING - ⚠️  DDoS ATTACK DETECTED! (Confidence: 82.56%, Threshold: 65.00%)
2026-05-19 11:56:34 - detection.prediction - WARNING - ⚠️  DDoS ATTACK DETECTED! (Confidence: 83.43%, Threshold: 65.00%)
2026-05-19 11:56:34 - detection.prediction - WARNING - ⚠️  DDoS ATTACK DETECTED! (Confidence: 82.63%, Threshold: 65.00%)
2026-05-19 11:56:34 - detection.prediction - WARNING - ⚠️  DDoS ATTACK DETECTED! (Confidence: 85.51%, Threshold: 65.00%)
2026-05-19 11:56:35 - detection.prediction - WARNING - ⚠️  DDoS ATTACK DETECTED! (Confidence: 84.87%, Threshold: 65.00%)
2026-05-19 11:56:35 - detection.prediction - WARNING - ⚠️  DDoS ATTACK DETECTED! (Confidence: 83.50%, Threshold: 65.00%)
2026-05-19 11:56:35 - detection.prediction - WARNING - ⚠️  DDoS ATTACK DETECTED! (Confidence: 83.10%, Threshold: 65.00%)
2026-05-19 11:56:35 - detection.prediction - WARNING - ⚠️  DDoS ATTACK DETECTED! (Confidence: 81.89%, Threshold: 65.00%)
2026-05-19 11:56:35 - detection.prediction - WARNING - ⚠️  DDoS ATTACK DETECTED! (Confidence: 82.43%, Threshold: 65.00%)
2026-05-19 11:56:35 - detection.prediction - WARNING - ⚠️  DDoS ATTACK DETECTED! (Confidence: 81.08%, Threshold: 65.00%)
2026-05-19 11:56:35 - detection.prediction - WARNING - ⚠️  DDoS ATTACK DETECTED! (Confidence: 76.14%, Threshold: 65.00%)
2026-05-19 11:56:36 - detection.prediction - WARNING - ⚠️  DDoS ATTACK DETECTED! (Confidence: 78.14%, Threshold: 65.00%)
2026-05-19 11:56:36 - detection.prediction - WARNING - ⚠️  DDoS ATTACK DETECTED! (Confidence: 75.34%, Threshold: 65.00%)
2026-05-19 11:56:36 - detection.prediction - WARNING - ⚠️  DDoS ATTACK DETECTED! (Confidence: 75.25%, Threshold: 65.00%)
2026-05-19 11:56:36 - detection.prediction - WARNING - ⚠️  DDoS ATTACK DETECTED! (Confidence: 77.22%, Threshold: 65.00%)
2026-05-19 11:56:36 - detection.prediction - WARNING - ⚠️  DDoS ATTACK DETECTED! (Confidence: 71.80%, Threshold: 65.00%)
2026-05-19 11:56:36 - detection.prediction - WARNING - ⚠️  DDoS ATTACK DETECTED! (Confidence: 75.05%, Threshold: 65.00%)
2026-05-19 11:56:36 - detection.prediction - WARNING - ⚠️  DDoS ATTACK DETECTED! (Confidence: 75.54%, Threshold: 65.00%)
2026-05-19 11:56:37 - detection.prediction - WARNING - ⚠️  DDoS ATTACK DETECTED! (Confidence: 75.72%, Threshold: 65.00%)
2026-05-19 11:56:37 - detection.prediction - WARNING - ⚠️  DDoS ATTACK DETECTED! (Confidence: 77.95%, Threshold: 65.00%)
2026-05-19 11:56:40 - detection.prediction - WARNING - ⚠️  DDoS ATTACK DETECTED! (Confidence: 79.16%, Threshold: 65.00%)
2026-05-19 11:56:40 - detection.prediction - WARNING - ⚠️  DDoS ATTACK DETECTED! (Confidence: 78.73%, Threshold: 65.00%)
2026-05-19 11:56:40 - detection.prediction - WARNING - ⚠️  DDoS ATTACK DETECTED! (Confidence: 75.16%, Threshold: 65.00%)
2026-05-19 11:56:40 - detection.prediction - WARNING - ⚠️  DDoS ATTACK DETECTED! (Confidence: 73.81%, Threshold: 65.00%)
2026-05-19 11:56:40 - detection.prediction - WARNING - ⚠️  DDoS ATTACK DETECTED! (Confidence: 75.48%, Threshold: 65.00%)
2026-05-19 11:56:41 - detection.prediction - WARNING - ⚠️  DDoS ATTACK DETECTED! (Confidence: 79.44%, Threshold: 65.00%)
2026-05-19 11:56:41 - detection.prediction - WARNING - ⚠️  DDoS ATTACK DETECTED! (Confidence: 76.10%, Threshold: 65.00%)
2026-05-19 11:56:41 - detection.prediction - WARNING - ⚠️  DDoS ATTACK DETECTED! (Confidence: 76.10%, Threshold: 65.00%)
2026-05-19 11:56:41 - detection.prediction - WARNING - ⚠️  DDoS ATTACK DETECTED! (Confidence: 78.21%, Threshold: 65.00%)
2026-05-19 11:56:41 - detection.prediction - WARNING - ⚠️  DDoS ATTACK DETECTED! (Confidence: 78.50%, Threshold: 65.00%)
2026-05-19 11:56:42 - detection.prediction - WARNING - ⚠️  DDoS ATTACK DETECTED! (Confidence: 81.75%, Threshold: 65.00%)
2026-05-19 11:56:42 - detection.prediction - WARNING - ⚠️  DDoS ATTACK DETECTED! (Confidence: 81.21%, Threshold: 65.00%)
2026-05-19 11:56:42 - detection.prediction - WARNING - ⚠️  DDoS ATTACK DETECTED! (Confidence: 83.49%, Threshold: 65.00%)
2026-05-19 11:56:42 - detection.prediction - WARNING - ⚠️  DDoS ATTACK DETECTED! (Confidence: 85.06%, Threshold: 65.00%)
2026-05-19 11:56:43 - detection.prediction - WARNING - ⚠️  DDoS ATTACK DETECTED! (Confidence: 82.80%, Threshold: 65.00%)
2026-05-19 11:56:43 - detection.prediction - WARNING - ⚠️  DDoS ATTACK DETECTED! (Confidence: 82.29%, Threshold: 65.00%)
2026-05-19 11:56:43 - detection.prediction - WARNING - ⚠️  DDoS ATTACK DETECTED! (Confidence: 83.87%, Threshold: 65.00%)
2026-05-19 11:56:43 - detection.prediction - WARNING - ⚠️  DDoS ATTACK DETECTED! (Confidence: 80.64%, Threshold: 65.00%)
2026-05-19 11:56:43 - detection.prediction - WARNING - ⚠️  DDoS ATTACK DETECTED! (Confidence: 79.20%, Threshold: 65.00%)
2026-05-19 11:56:47 - detection.prediction - WARNING - ⚠️  DDoS ATTACK DETECTED! (Confidence: 81.65%, Threshold: 65.00%)
2026-05-19 11:56:47 - detection.prediction - WARNING - ⚠️  DDoS ATTACK DETECTED! (Confidence: 81.54%, Threshold: 65.00%)
2026-05-19 11:56:47 - detection.prediction - WARNING - ⚠️  DDoS ATTACK DETECTED! (Confidence: 83.19%, Threshold: 65.00%)
2026-05-19 11:56:47 - detection.prediction - WARNING - ⚠️  DDoS ATTACK DETECTED! (Confidence: 80.87%, Threshold: 65.00%)
2026-05-19 11:56:47 - detection.prediction - WARNING - ⚠️  DDoS ATTACK DETECTED! (Confidence: 82.25%, Threshold: 65.00%)
2026-05-19 11:56:47 - detection.prediction - WARNING - ⚠️  DDoS ATTACK DETECTED! (Confidence: 82.56%, Threshold: 65.00%)
2026-05-19 11:56:49 - detection.prediction - WARNING - ⚠️  DDoS ATTACK DETECTED! (Confidence: 78.42%, Threshold: 65.00%)
2026-05-19 11:56:49 - detection.prediction - WARNING - ⚠️  DDoS ATTACK DETECTED! (Confidence: 78.18%, Threshold: 65.00%)
2026-05-19 11:56:49 - detection.prediction - WARNING - ⚠️  DDoS ATTACK DETECTED! (Confidence: 78.84%, Threshold: 65.00%)
2026-05-19 11:56:49 - detection.prediction - WARNING - ⚠️  DDoS ATTACK DETECTED! (Confidence: 78.06%, Threshold: 65.00%)
2026-05-19 11:56:50 - detection.prediction - WARNING - ⚠️  DDoS ATTACK DETECTED! (Confidence: 80.52%, Threshold: 65.00%)
2026-05-19 11:56:50 - detection.prediction - WARNING - ⚠️  DDoS ATTACK DETECTED! (Confidence: 80.35%, Threshold: 65.00%)
2026-05-19 11:56:50 - detection.prediction - WARNING - ⚠️  DDoS ATTACK DETECTED! (Confidence: 79.37%, Threshold: 65.00%)
2026-05-19 11:56:50 - detection.prediction - WARNING - ⚠️  DDoS ATTACK DETECTED! (Confidence: 79.43%, Threshold: 65.00%)
2026-05-19 11:56:50 - detection.prediction - WARNING - ⚠️  DDoS ATTACK DETECTED! (Confidence: 84.63%, Threshold: 65.00%)
2026-05-19 11:56:50 - detection.prediction - WARNING - ⚠️  DDoS ATTACK DETECTED! (Confidence: 81.72%, Threshold: 65.00%)
2026-05-19 11:56:52 - detection.prediction - WARNING - ⚠️  DDoS ATTACK DETECTED! (Confidence: 80.92%, Threshold: 65.00%)
2026-05-19 11:56:52 - detection.prediction - WARNING - ⚠️  DDoS ATTACK DETECTED! (Confidence: 80.27%, Threshold: 65.00%)
2026-05-19 11:56:52 - detection.prediction - WARNING - ⚠️  DDoS ATTACK DETECTED! (Confidence: 74.33%, Threshold: 65.00%)
2026-05-19 11:56:52 - detection.prediction - WARNING - ⚠️  DDoS ATTACK DETECTED! (Confidence: 75.88%, Threshold: 65.00%)
2026-05-19 11:56:52 - detection.prediction - WARNING - ⚠️  DDoS ATTACK DETECTED! (Confidence: 75.63%, Threshold: 65.00%)
2026-05-19 11:56:52 - detection.prediction - WARNING - ⚠️  DDoS ATTACK DETECTED! (Confidence: 75.82%, Threshold: 65.00%)
2026-05-19 11:56:53 - detection.prediction - WARNING - ⚠️  DDoS ATTACK DETECTED! (Confidence: 75.65%, Threshold: 65.00%)
2026-05-19 11:56:53 - detection.prediction - WARNING - ⚠️  DDoS ATTACK DETECTED! (Confidence: 74.50%, Threshold: 65.00%)
2026-05-19 11:56:53 - detection.prediction - WARNING - ⚠️  DDoS ATTACK DETECTED! (Confidence: 73.37%, Threshold: 65.00%)
2026-05-19 11:56:54 - detection.prediction - WARNING - ⚠️  DDoS ATTACK DETECTED! (Confidence: 76.00%, Threshold: 65.00%)
2026-05-19 11:56:54 - detection.prediction - WARNING - ⚠️  DDoS ATTACK DETECTED! (Confidence: 80.17%, Threshold: 65.00%)
2026-05-19 11:56:54 - detection.prediction - WARNING - ⚠️  DDoS ATTACK DETECTED! (Confidence: 79.76%, Threshold: 65.00%)
2026-05-19 11:56:54 - detection.prediction - WARNING - ⚠️  DDoS ATTACK DETECTED! (Confidence: 78.05%, Threshold: 65.00%)
2026-05-19 11:56:55 - detection.prediction - WARNING - ⚠️  DDoS ATTACK DETECTED! (Confidence: 82.58%, Threshold: 65.00%)
2026-05-19 11:56:55 - detection.prediction - WARNING - ⚠️  DDoS ATTACK DETECTED! (Confidence: 83.36%, Threshold: 65.00%)
2026-05-19 11:56:55 - detection.prediction - WARNING - ⚠️  DDoS ATTACK DETECTED! (Confidence: 82.49%, Threshold: 65.00%)
2026-05-19 11:56:55 - detection.prediction - WARNING - ⚠️  DDoS ATTACK DETECTED! (Confidence: 84.26%, Threshold: 65.00%)
2026-05-19 11:56:55 - detection.prediction - WARNING - ⚠️  DDoS ATTACK DETECTED! (Confidence: 82.67%, Threshold: 65.00%)
2026-05-19 11:56:55 - detection.prediction - WARNING - ⚠️  DDoS ATTACK DETECTED! (Confidence: 82.20%, Threshold: 65.00%)
2026-05-19 11:56:56 - detection.prediction - WARNING - ⚠️  DDoS ATTACK DETECTED! (Confidence: 81.53%, Threshold: 65.00%)
2026-05-19 11:56:56 - detection.prediction - WARNING - ⚠️  DDoS ATTACK DETECTED! (Confidence: 83.97%, Threshold: 65.00%)
2026-05-19 11:56:56 - detection.prediction - WARNING - ⚠️  DDoS ATTACK DETECTED! (Confidence: 81.32%, Threshold: 65.00%)
2026-05-19 11:56:56 - detection.prediction - WARNING - ⚠️  DDoS ATTACK DETECTED! (Confidence: 84.14%, Threshold: 65.00%)
2026-05-19 11:56:56 - detection.prediction - WARNING - ⚠️  DDoS ATTACK DETECTED! (Confidence: 83.00%, Threshold: 65.00%)
2026-05-19 11:56:56 - detection.prediction - WARNING - ⚠️  DDoS ATTACK DETECTED! (Confidence: 80.94%, Threshold: 65.00%)
2026-05-19 11:56:56 - detection.prediction - WARNING - ⚠️  DDoS ATTACK DETECTED! (Confidence: 78.05%, Threshold: 65.00%)
2026-05-19 11:56:56 - detection.prediction - WARNING - ⚠️  DDoS ATTACK DETECTED! (Confidence: 80.78%, Threshold: 65.00%)
2026-05-19 11:56:56 - detection.prediction - WARNING - ⚠️  DDoS ATTACK DETECTED! (Confidence: 77.76%, Threshold: 65.00%)
2026-05-19 11:56:56 - detection.prediction - WARNING - ⚠️  DDoS ATTACK DETECTED! (Confidence: 77.47%, Threshold: 65.00%)
2026-05-19 11:56:57 - detection.prediction - WARNING - ⚠️  DDoS ATTACK DETECTED! (Confidence: 77.93%, Threshold: 65.00%)
2026-05-19 11:56:57 - detection.prediction - WARNING - ⚠️  DDoS ATTACK DETECTED! (Confidence: 77.08%, Threshold: 65.00%)
2026-05-19 11:56:58 - detection.prediction - WARNING - ⚠️  DDoS ATTACK DETECTED! (Confidence: 79.28%, Threshold: 65.00%)
2026-05-19 11:56:58 - detection.prediction - WARNING - ⚠️  DDoS ATTACK DETECTED! (Confidence: 79.42%, Threshold: 65.00%)
2026-05-19 11:56:58 - detection.prediction - WARNING - ⚠️  DDoS ATTACK DETECTED! (Confidence: 82.14%, Threshold: 65.00%)
2026-05-19 11:57:00 - detection.prediction - WARNING - ⚠️  DDoS ATTACK DETECTED! (Confidence: 79.16%, Threshold: 65.00%)
2026-05-19 11:57:00 - detection.prediction - WARNING - ⚠️  DDoS ATTACK DETECTED! (Confidence: 82.12%, Threshold: 65.00%)
2026-05-19 11:57:00 - detection.prediction - WARNING - ⚠️  DDoS ATTACK DETECTED! (Confidence: 80.43%, Threshold: 65.00%)
2026-05-19 11:57:00 - detection.prediction - WARNING - ⚠️  DDoS ATTACK DETECTED! (Confidence: 80.48%, Threshold: 65.00%)
2026-05-19 11:57:00 - detection.prediction - WARNING - ⚠️  DDoS ATTACK DETECTED! (Confidence: 77.71%, Threshold: 65.00%)
2026-05-19 11:57:00 - detection.prediction - WARNING - ⚠️  DDoS ATTACK DETECTED! (Confidence: 78.50%, Threshold: 65.00%)
2026-05-19 11:57:00 - detection.prediction - WARNING - ⚠️  DDoS ATTACK DETECTED! (Confidence: 76.20%, Threshold: 65.00%)
2026-05-19 11:57:00 - detection.prediction - WARNING - ⚠️  DDoS ATTACK DETECTED! (Confidence: 79.84%, Threshold: 65.00%)
2026-05-19 11:57:00 - detection.prediction - WARNING - ⚠️  DDoS ATTACK DETECTED! (Confidence: 76.74%, Threshold: 65.00%)
2026-05-19 11:57:00 - detection.prediction - WARNING - ⚠️  DDoS ATTACK DETECTED! (Confidence: 78.80%, Threshold: 65.00%)
2026-05-19 11:57:00 - detection.prediction - WARNING - ⚠️  DDoS ATTACK DETECTED! (Confidence: 76.82%, Threshold: 65.00%)
2026-05-19 11:57:01 - detection.prediction - WARNING - ⚠️  DDoS ATTACK DETECTED! (Confidence: 74.99%, Threshold: 65.00%)
2026-05-19 11:57:01 - detection.prediction - WARNING - ⚠️  DDoS ATTACK DETECTED! (Confidence: 73.72%, Threshold: 65.00%)
2026-05-19 11:57:01 - detection.prediction - WARNING - ⚠️  DDoS ATTACK DETECTED! (Confidence: 76.12%, Threshold: 65.00%)
2026-05-19 11:57:01 - detection.prediction - WARNING - ⚠️  DDoS ATTACK DETECTED! (Confidence: 74.85%, Threshold: 65.00%)
2026-05-19 11:57:04 - detection.prediction - WARNING - ⚠️  DDoS ATTACK DETECTED! (Confidence: 86.22%, Threshold: 65.00%)
2026-05-19 11:57:04 - detection.prediction - WARNING - ⚠️  DDoS ATTACK DETECTED! (Confidence: 82.55%, Threshold: 65.00%)
2026-05-19 11:57:04 - detection.prediction - WARNING - ⚠️  DDoS ATTACK DETECTED! (Confidence: 82.23%, Threshold: 65.00%)
2026-05-19 11:57:04 - detection.prediction - WARNING - ⚠️  DDoS ATTACK DETECTED! (Confidence: 82.34%, Threshold: 65.00%)
2026-05-19 11:57:04 - detection.prediction - WARNING - ⚠️  DDoS ATTACK DETECTED! (Confidence: 82.78%, Threshold: 65.00%)
2026-05-19 11:57:04 - detection.prediction - WARNING - ⚠️  DDoS ATTACK DETECTED! (Confidence: 81.72%, Threshold: 65.00%)
2026-05-19 11:57:04 - detection.prediction - WARNING - ⚠️  DDoS ATTACK DETECTED! (Confidence: 83.78%, Threshold: 65.00%)
2026-05-19 11:57:04 - detection.prediction - WARNING - ⚠️  DDoS ATTACK DETECTED! (Confidence: 84.32%, Threshold: 65.00%)
2026-05-19 11:57:04 - detection.prediction - WARNING - ⚠️  DDoS ATTACK DETECTED! (Confidence: 80.83%, Threshold: 65.00%)
2026-05-19 11:57:04 - detection.prediction - WARNING - ⚠️  DDoS ATTACK DETECTED! (Confidence: 85.06%, Threshold: 65.00%)
2026-05-19 11:57:04 - detection.prediction - WARNING - ⚠️  DDoS ATTACK DETECTED! (Confidence: 82.99%, Threshold: 65.00%)
2026-05-19 11:57:04 - detection.prediction - WARNING - ⚠️  DDoS ATTACK DETECTED! (Confidence: 80.76%, Threshold: 65.00%)
2026-05-19 11:57:04 - detection.prediction - WARNING - ⚠️  DDoS ATTACK DETECTED! (Confidence: 82.15%, Threshold: 65.00%)
2026-05-19 11:57:05 - detection.prediction - WARNING - ⚠️  DDoS ATTACK DETECTED! (Confidence: 80.42%, Threshold: 65.00%)
2026-05-19 11:57:05 - detection.prediction - WARNING - ⚠️  DDoS ATTACK DETECTED! (Confidence: 82.69%, Threshold: 65.00%)
2026-05-19 11:57:05 - detection.prediction - WARNING - ⚠️  DDoS ATTACK DETECTED! (Confidence: 80.33%, Threshold: 65.00%)
2026-05-19 11:57:05 - detection.prediction - WARNING - ⚠️  DDoS ATTACK DETECTED! (Confidence: 77.65%, Threshold: 65.00%)
2026-05-19 11:57:05 - detection.prediction - WARNING - ⚠️  DDoS ATTACK DETECTED! (Confidence: 77.36%, Threshold: 65.00%)
2026-05-19 11:57:05 - detection.prediction - WARNING - ⚠️  DDoS ATTACK DETECTED! (Confidence: 78.59%, Threshold: 65.00%)
2026-05-19 11:57:06 - detection.prediction - WARNING - ⚠️  DDoS ATTACK DETECTED! (Confidence: 75.83%, Threshold: 65.00%)
2026-05-19 11:57:06 - detection.prediction - WARNING - ⚠️  DDoS ATTACK DETECTED! (Confidence: 76.74%, Threshold: 65.00%)
2026-05-19 11:57:06 - detection.prediction - WARNING - ⚠️  DDoS ATTACK DETECTED! (Confidence: 79.88%, Threshold: 65.00%)
2026-05-19 11:57:06 - detection.prediction - WARNING - ⚠️  DDoS ATTACK DETECTED! (Confidence: 78.65%, Threshold: 65.00%)
2026-05-19 11:57:06 - detection.prediction - WARNING - ⚠️  DDoS ATTACK DETECTED! (Confidence: 79.14%, Threshold: 65.00%)
2026-05-19 11:57:07 - detection.prediction - WARNING - ⚠️  DDoS ATTACK DETECTED! (Confidence: 80.70%, Threshold: 65.00%)
2026-05-19 11:57:07 - detection.prediction - WARNING - ⚠️  DDoS ATTACK DETECTED! (Confidence: 80.68%, Threshold: 65.00%)
2026-05-19 11:57:07 - detection.prediction - WARNING - ⚠️  DDoS ATTACK DETECTED! (Confidence: 78.83%, Threshold: 65.00%)
2026-05-19 11:57:07 - detection.prediction - WARNING - ⚠️  DDoS ATTACK DETECTED! (Confidence: 82.28%, Threshold: 65.00%)
2026-05-19 11:57:07 - detection.prediction - WARNING - ⚠️  DDoS ATTACK DETECTED! (Confidence: 80.35%, Threshold: 65.00%)
2026-05-19 11:57:08 - detection.prediction - WARNING - ⚠️  DDoS ATTACK DETECTED! (Confidence: 81.99%, Threshold: 65.00%)
2026-05-19 11:57:08 - detection.prediction - WARNING - ⚠️  DDoS ATTACK DETECTED! (Confidence: 82.05%, Threshold: 65.00%)
2026-05-19 11:57:09 - detection.prediction - WARNING - ⚠️  DDoS ATTACK DETECTED! (Confidence: 77.29%, Threshold: 65.00%)
2026-05-19 11:57:09 - detection.prediction - WARNING - ⚠️  DDoS ATTACK DETECTED! (Confidence: 76.89%, Threshold: 65.00%)
2026-05-19 11:57:09 - detection.prediction - WARNING - ⚠️  DDoS ATTACK DETECTED! (Confidence: 75.38%, Threshold: 65.00%)
2026-05-19 11:57:10 - detection.prediction - WARNING - ⚠️  DDoS ATTACK DETECTED! (Confidence: 71.99%, Threshold: 65.00%)
2026-05-19 11:57:10 - detection.prediction - WARNING - ⚠️  DDoS ATTACK DETECTED! (Confidence: 72.61%, Threshold: 65.00%)
2026-05-19 11:57:10 - detection.prediction - WARNING - ⚠️  DDoS ATTACK DETECTED! (Confidence: 74.21%, Threshold: 65.00%)
2026-05-19 11:57:10 - detection.prediction - WARNING - ⚠️  DDoS ATTACK DETECTED! (Confidence: 72.46%, Threshold: 65.00%)
2026-05-19 11:57:10 - detection.prediction - WARNING - ⚠️  DDoS ATTACK DETECTED! (Confidence: 76.29%, Threshold: 65.00%)
2026-05-19 11:57:11 - detection.prediction - WARNING - ⚠️  DDoS ATTACK DETECTED! (Confidence: 78.17%, Threshold: 65.00%)
2026-05-19 11:57:11 - detection.prediction - WARNING - ⚠️  DDoS ATTACK DETECTED! (Confidence: 78.50%, Threshold: 65.00%)
2026-05-19 11:57:11 - detection.prediction - WARNING - ⚠️  DDoS ATTACK DETECTED! (Confidence: 79.87%, Threshold: 65.00%)
2026-05-19 11:57:11 - detection.prediction - WARNING - ⚠️  DDoS ATTACK DETECTED! (Confidence: 83.27%, Threshold: 65.00%)
2026-05-19 11:57:12 - detection.prediction - WARNING - ⚠️  DDoS ATTACK DETECTED! (Confidence: 83.49%, Threshold: 65.00%)
2026-05-19 11:57:12 - detection.prediction - WARNING - ⚠️  DDoS ATTACK DETECTED! (Confidence: 82.29%, Threshold: 65.00%)
